// Jest Snapshot v1, https://goo.gl/fbAQLP

exports[`ProductCategoryListViewComponent should be created 1`] = `
<app-product-category-list-view
  authorization$={[Function Store]}
  loggedUser$={[Function Store]}
  productCategories$={[Function Store]}
  store={[Function MockStore]}
>
  <app-page-inner>
    <div
      class="px-3 py-3 "
    >
      <div
        class="page-section"
      >
        <app-product-category-items
          ng-reflect-authorization="[object Object]"
          ng-reflect-product-categories=""
        >
          <section
            class="bg-white border-left border-right border-bottom rounded"
          >
            <div
              class="table-responsive"
            >
              <table
                class="table table-hover"
              >
                <thead>
                  <tr>
                    <th
                      class="align-middle"
                      ng-reflect-translate=""
                      translate=""
                    >
                       NAME 
                    </th>
                    <th
                      class="align-middle text-right"
                    >
                       Actions 
                    </th>
                  </tr>
                </thead>
                <tbody>
                  
                </tbody>
              </table>
            </div>
          </section>
          
          <app-button-circle-right
            label="+"
            ng-reflect-label="+"
          >
            <div>
              <button
                class="btn-circle btn-xl btn btn-absolute-corner-right btn-success"
                ng-reflect-klass="btn-circle btn-xl btn btn-abso"
                ng-reflect-ng-class="btn-success"
                type="button"
              >
                 + 
              </button>
            </div>
          </app-button-circle-right>
        </app-product-category-items>
      </div>
    </div>
  </app-page-inner>
</app-product-category-list-view>
`;
