// Jest Snapshot v1, https://goo.gl/fbAQLP

exports[`UpdateProductCategoryModalComponent should be created 1`] = `
<app-product-category-update-modal
  bsModalRef={[Function BsModalRef]}
  facade={[Function Object]}
  selectedProductCategory$={[Function Observable]}
  subscription={[Function Subscriber]}
  updated$={[Function Observable]}
  updating$="undefined"
>
  <app-modal-wrapper
    ng-reflect-title="EDIT_PRODUCT_CATEGORY_TITLE"
  >
    <div
      class="modal-content bg-light"
    >
      
      <div
        class="modal-header"
      >
        <h4
          class="modal-title"
        >
          EDIT_PRODUCT_CATEGORY_TITLE
        </h4>
      </div>
      <div
        class="modal-body p-0"
      >
        <app-product-category-update
          ng-reflect-product-category="[object Object]"
        >
          <app-product-category-form
            ng-reflect-product-category="[object Object]"
          >
            <form
              class="ng-untouched ng-pristine ng-valid"
              ng-reflect-form="[object Object]"
              novalidate=""
            >
              <section
                class="bg-white"
              >
                <div
                  class="p-3"
                >
                  <app-text-input
                    class="ng-untouched ng-pristine ng-valid"
                    formcontrolname="name"
                    ng-reflect-label="NAME"
                    ng-reflect-name="name"
                    ng-reflect-submitted="false"
                  >
                    <div
                      class="form-group "
                    >
                      <label
                        class="control-label"
                      >
                        NAME
                      </label>
                      <input
                        class="form-control"
                        placeholder=""
                        type="text"
                      />
                      
                      
                      
                      
                      
                      
                    </div>
                  </app-text-input>
                </div>
              </section>
              <app-wrapper-validation-action>
                <div
                  class="d-flex justify-content-end align-items-center p-3"
                >
                  <app-validation-button
                    ng-reflect-label-cancel="CANCEL"
                    ng-reflect-label-confirm="SAVE"
                  >
                    <div
                      class="button-validation-action text-center d-flex justify-content-end align-items-center p-3-group"
                      ng-reflect-klass="button-validation-action text-"
                      ng-reflect-ng-class=""
                    >
                      
                      <button
                        class="btn btn-cancel btn-lg btn-light"
                        ng-reflect-klass="btn btn-cancel btn-lg"
                        ng-reflect-ng-class="btn-light"
                        type="button"
                      >
                         CANCEL 
                      </button>
                      
                      <button
                        class="btn btn-confirm btn-lg btn-primary"
                        ng-reflect-klass="btn btn-confirm btn-lg"
                        ng-reflect-ng-class="btn-primary"
                        type="submit"
                      >
                        
                        
                        
                        <span>
                          SAVE
                        </span>
                      </button>
                    </div>
                  </app-validation-button>
                </div>
              </app-wrapper-validation-action>
            </form>
          </app-product-category-form>
        </app-product-category-update>
      </div>
    </div>
  </app-modal-wrapper>
</app-product-category-update-modal>
`;
