// Jest Snapshot v1, https://goo.gl/fbAQLP

exports[`PaginatorComponent should be created 1`] = `
<app-paginator
  itemsPerPage="0"
  page="0"
  pageChanged={[Function EventEmitter]}
  totalItems="0"
>
  <pagination
    class="mt-2 ng-untouched ng-pristine ng-valid"
    ng-reflect-items-per-page="0"
    ng-reflect-max-size="20"
    ng-reflect-model="0"
    ng-reflect-next-text="NEXT"
    ng-reflect-previous-text="PREVIOUS"
    ng-reflect-rotate="false"
    ng-reflect-total-items="0"
  >
    <ul
      class="pagination mt-2"
      ng-reflect-klass="pagination"
      ng-reflect-ng-class="mt-2"
    >
      
      
      <li
        class="pagination-prev page-item disabled"
      >
        <a
          class="page-link"
          href=""
        >
          PREVIOUS
        </a>
      </li>
      
      <li
        class="pagination-page page-item active"
      >
        <a
          class="page-link"
          href=""
        >
          1
        </a>
      </li>
      
      <li
        class="pagination-next page-item disabled"
      >
        <a
          class="page-link"
          href=""
        >
          NEXT
        </a>
      </li>
      
    </ul>
  </pagination>
</app-paginator>
`;
