// Jest Snapshot v1, https://goo.gl/fbAQLP

exports[`ProductListViewComponent should be created 1`] = `
<app-product-list-view
  authFacade={[Function AuthFacade]}
  canCreate$={[Function Store]}
  canDelete$={[Function Store]}
  canUpdate$={[Function Store]}
  config$={[Function Store]}
  facade={[Function ProductFacade]}
  products$={[Function Store]}
  totalItems$={[Function Store]}
>
  <app-page-inner>
    <div
      class="px-3 py-3 "
    >
      
      <div
        class="page-section"
      >
        <app-product-items
          ng-reflect-authorization="[object Object]"
        >
          <section
            class="bg-white border-left border-right border-bottom rounded"
          >
            <div
              class="table-responsive"
            >
              <table
                class="table table-hover"
              >
                <thead>
                  <tr>
                    <th
                      class="align-middle"
                      ng-reflect-translate=""
                      translate=""
                    >
                       NAME 
                    </th>
                    <th
                      class="align-middle text-right"
                    >
                       Actions 
                    </th>
                  </tr>
                </thead>
                <tbody>
                  
                </tbody>
              </table>
            </div>
          </section>
          
        </app-product-items>
        
      </div>
    </div>
  </app-page-inner>
</app-product-list-view>
`;
