// Jest Snapshot v1, https://goo.gl/fbAQLP

exports[`ParameterProductCategoryComponent should be created 1`] = `
<app-parameter-product-category>
  <app-product-category-list-view />
</app-parameter-product-category>
`;
